
==========================================================================
floorplan final report_tns
--------------------------------------------------------------------------
tns -348887744.00

==========================================================================
floorplan final report_wns
--------------------------------------------------------------------------
wns -38365.67

==========================================================================
floorplan final report_worst_slack
--------------------------------------------------------------------------
worst slack -38365.67

==========================================================================
floorplan final report_clock_min_period
--------------------------------------------------------------------------

==========================================================================
floorplan final report_checks -path_delay min
--------------------------------------------------------------------------
Startpoint: reset (input port clocked by clock)
Endpoint: ex_controller/_17464_
          (rising edge-triggered flip-flop clocked by clock)
Path Group: clock
Path Type: min

Fanout     Cap    Slew   Delay    Time   Description
-----------------------------------------------------------------------------
                  0.00    0.00    0.00   clock clock (rise edge)
                          0.00    0.00   clock network delay (ideal)
                          0.20    0.20 ^ input external delay
   997  466.66    0.00    0.00    0.20 ^ reset (in)
                                         reset (net)
                  0.00    0.00    0.20 ^ ex_controller/_17402_/D (A2O1A1O1Ixp25_ASAP7_75t_R)
     1    0.49    5.17    4.15    4.35 v ex_controller/_17402_/Y (A2O1A1O1Ixp25_ASAP7_75t_R)
                                         ex_controller/_00770_ (net)
                  5.17    0.00    4.35 v ex_controller/_17464_/D (DFFHQNx1_ASAP7_75t_R)
                                  4.35   data arrival time

                  0.00    0.00    0.00   clock clock (rise edge)
                          0.00    0.00   clock network delay (ideal)
                          0.10    0.10   clock uncertainty
                          0.00    0.10   clock reconvergence pessimism
                                  0.10 ^ ex_controller/_17464_/CLK (DFFHQNx1_ASAP7_75t_R)
                          9.55    9.65   library hold time
                                  9.65   data required time
-----------------------------------------------------------------------------
                                  9.65   data required time
                                 -4.35   data arrival time
-----------------------------------------------------------------------------
                                 -5.29   slack (VIOLATED)



==========================================================================
floorplan final report_checks -path_delay max
--------------------------------------------------------------------------
Startpoint: tlb/tlbArbOpt_io_in_0_valid_REG$_DFF_P_
            (rising edge-triggered flip-flop clocked by clock)
Endpoint: spad/acc_scale_unit/pipe_out_p/stages_4_full_data_0_0[0]$_DFFE_PN_
          (rising edge-triggered flip-flop clocked by clock)
Path Group: clock
Path Type: max

Fanout     Cap    Slew   Delay    Time   Description
-----------------------------------------------------------------------------
                  0.00    0.00    0.00   clock clock (rise edge)
                          0.00    0.00   clock network delay (ideal)
                  0.00    0.00    0.00 ^ tlb/tlbArbOpt_io_in_0_valid_REG$_DFF_P_/CLK (DFFHQNx1_ASAP7_75t_R)
     2    4.17   43.10   62.77   62.77 v tlb/tlbArbOpt_io_in_0_valid_REG$_DFF_P_/QN (DFFHQNx1_ASAP7_75t_R)
                                         tlb/_0222_ (net)
                 43.10    0.00   62.77 v tlb/_0854_/A (INVx3_ASAP7_75t_R)
    48   26.65   83.11   53.53  116.30 ^ tlb/_0854_/Y (INVx3_ASAP7_75t_R)
                                         tlb/tlbArbOpt_io_in_0_valid_REG (net)
                 83.11    0.00  116.30 ^ tlb/tlbArbOpt/_104_/A (INVx2_ASAP7_75t_R)
     2    1.62   20.81   17.43  133.72 v tlb/tlbArbOpt/_104_/Y (INVx2_ASAP7_75t_R)
                                         tlb/tlbArbOpt/_003_ (net)
                 20.81    0.00  133.72 v tlb/tlbArbOpt/_105_/B (AOI21x1_ASAP7_75t_R)
    47   41.19  352.71  171.92  305.65 ^ tlb/tlbArbOpt/_105_/Y (AOI21x1_ASAP7_75t_R)
                                         tlb/tlbArbOpt/_004_ (net)
                352.71    0.00  305.65 ^ tlb/tlbArbOpt/_191_/A2 (OAI21x1_ASAP7_75t_R)
    73   41.17  289.65  204.22  509.86 v tlb/tlbArbOpt/_191_/Y (OAI21x1_ASAP7_75t_R)
                                         tlb/_tlbArbOpt_io_out_bits_tlb_req_vaddr[13] (net)
                289.65    0.00  509.86 v tlb/tlbs_0/tlb/_3124_/C (OAI211xp5_ASAP7_75t_R)
     1    0.57   65.40   58.17  568.03 ^ tlb/tlbs_0/tlb/_3124_/Y (OAI211xp5_ASAP7_75t_R)
                                         tlb/tlbs_0/tlb/_1168_ (net)
                 65.40    0.00  568.03 ^ tlb/tlbs_0/tlb/_3125_/A2 (AO21x1_ASAP7_75t_R)
     2    1.03   16.93   30.23  598.26 ^ tlb/tlbs_0/tlb/_3125_/Y (AO21x1_ASAP7_75t_R)
                                         tlb/tlbs_0/tlb/_1169_ (net)
                 16.93    0.00  598.26 ^ tlb/tlbs_0/tlb/_3159_/A (OR5x1_ASAP7_75t_R)
    26   11.91  107.23   65.41  663.67 ^ tlb/tlbs_0/tlb/_3159_/Y (OR5x1_ASAP7_75t_R)
                                         tlb/tlbs_0/tlb/_1203_ (net)
                107.23    0.00  663.67 ^ tlb/tlbs_0/tlb/_3772_/A (NAND5xp2_ASAP7_75t_R)
    32   15.65  462.33  245.08  908.75 v tlb/tlbs_0/tlb/_3772_/Y (NAND5xp2_ASAP7_75t_R)
                                         tlb/tlbs_0/tlb/_1734_ (net)
                462.33    0.00  908.75 v tlb/tlbs_0/tlb/_5050_/C (NOR3xp33_ASAP7_75t_R)
     1    0.55   75.92   49.94  958.69 ^ tlb/tlbs_0/tlb/_5050_/Y (NOR3xp33_ASAP7_75t_R)
                                         tlb/tlbs_0/tlb/_2533_ (net)
                 75.92    0.00  958.69 ^ tlb/tlbs_0/tlb/_5051_/D (OR4x1_ASAP7_75t_R)
     5   20.19  178.65  108.26 1066.95 ^ tlb/tlbs_0/tlb/_5051_/Y (OR4x1_ASAP7_75t_R)
                                         _tlb_io_counter_event_signal_15 (net)
                178.65    0.00 1066.95 ^ tlb/_1011_/A (INVx5_ASAP7_75t_R)
     4    6.07   37.59   28.82 1095.77 v tlb/_1011_/Y (INVx5_ASAP7_75t_R)
                                         tlb/_0641_ (net)
                 37.59    0.00 1095.77 v tlb/_1270_/A1 (OAI21xp5_ASAP7_75t_R)
     6    8.79  197.49   83.95 1179.72 ^ tlb/_1270_/Y (OAI21xp5_ASAP7_75t_R)
                                         _tlb_io_clients_0_resp_miss (net)
                197.49    0.00 1179.72 ^ spad/writer/_25978_/A (CKINVDCx5p33_ASAP7_75t_R)
     3    1.32   26.00   16.48 1196.20 v spad/writer/_25978_/Y (CKINVDCx5p33_ASAP7_75t_R)
                                         spad/writer/_07805_ (net)
                 26.00    0.00 1196.20 v spad/writer/_25979_/B (NOR2xp33_ASAP7_75t_R)
   398  220.24 5506.69 2558.58 3754.77 ^ spad/writer/_25979_/Y (NOR2xp33_ASAP7_75t_R)
                                         spad/writer/retry_a_valid (net)
               5506.69    0.00 3754.77 ^ spad/writer/tlb_arb/_2525_/A (NOR3x1_ASAP7_75t_R)
     1    0.51  523.45  385.73 4140.50 v spad/writer/tlb_arb/_2525_/Y (NOR3x1_ASAP7_75t_R)
                                         spad/writer/_tlb_arb_io_in_2_ready (net)
                523.45    0.00 4140.50 v spad/writer/_22514_/C (OAI321xp33_ASAP7_75t_R)
    15    7.16  487.10  198.39 4338.89 ^ spad/writer/_22514_/Y (OAI321xp33_ASAP7_75t_R)
                                         spad/writer/_05558_ (net)
                487.10    0.00 4338.89 ^ spad/writer/_22521_/B (NOR2xp33_ASAP7_75t_R)
    21   14.38  485.29  317.70 4656.59 v spad/writer/_22521_/Y (NOR2xp33_ASAP7_75t_R)
                                         spad/writer/_05565_ (net)
                485.29    0.00 4656.59 v spad/writer/_22753_/A2 (A2O1A1Ixp33_ASAP7_75t_R)
     3    1.34   97.62   79.96 4736.55 ^ spad/writer/_22753_/Y (A2O1A1Ixp33_ASAP7_75t_R)
                                         spad/writer/_05760_ (net)
                 97.62    0.00 4736.55 ^ spad/writer/_22757_/A3 (OAI31xp33_ASAP7_75t_R)
     8    4.10  101.71   64.97 4801.52 v spad/writer/_22757_/Y (OAI31xp33_ASAP7_75t_R)
                                         spad/writer/_05764_ (net)
                101.71    0.00 4801.52 v spad/writer/_25981_/B (NOR2xp33_ASAP7_75t_R)
     1    3.70  112.58   80.28 4881.80 ^ spad/writer/_25981_/Y (NOR2xp33_ASAP7_75t_R)
                                         spad/writer/_07806_ (net)
                112.58    0.00 4881.80 ^ spad/writer/_25982_/A (CKINVDCx5p33_ASAP7_75t_R)
     2    1.09   18.04   13.31 4895.11 v spad/writer/_25982_/Y (CKINVDCx5p33_ASAP7_75t_R)
                                         spad/_writer_io_req_ready (net)
                 18.04    0.00 4895.11 v spad/_21644_/A (INVx1_ASAP7_75t_R)
     3    1.34   16.61   14.07 4909.18 ^ spad/_21644_/Y (INVx1_ASAP7_75t_R)
                                         spad/_09327_ (net)
                 16.61    0.00 4909.18 ^ spad/_21646_/B (OR4x1_ASAP7_75t_R)
   259  107.95  940.19  440.87 5350.05 ^ spad/_21646_/Y (OR4x1_ASAP7_75t_R)
                                         spad/_09329_ (net)
                940.19    0.00 5350.05 ^ spad/_24039_/B2 (AOI32xp33_ASAP7_75t_R)
     2    5.19  316.84  262.48 5612.53 v spad/_24039_/Y (AOI32xp33_ASAP7_75t_R)
                                         spad/_02676_ (net)
                316.84    0.00 5612.53 v spad/acc_scale_unit/pipe_out_p/_32785_/D (NOR4xp75_ASAP7_75t_R)
  1291  549.55 6208.60 3000.85 8613.38 ^ spad/acc_scale_unit/pipe_out_p/_32785_/Y (NOR4xp75_ASAP7_75t_R)
                                         spad/acc_scale_unit/pipe_out_p/_16449_ (net)
               6208.60    0.00 8613.38 ^ spad/acc_scale_unit/pipe_out_p/_44723_/B (NAND2xp5_ASAP7_75t_R)
  1287  546.83 6519.20 29170.60 37783.97 v spad/acc_scale_unit/pipe_out_p/_44723_/Y (NAND2xp5_ASAP7_75t_R)
                                         spad/acc_scale_unit/pipe_out_p/_24415_ (net)
               6519.20    0.00 37783.97 v spad/acc_scale_unit/pipe_out_p/_46428_/B (NOR2xp33_ASAP7_75t_R)
     1    0.55  810.53  443.33 38227.30 ^ spad/acc_scale_unit/pipe_out_p/_46428_/Y (NOR2xp33_ASAP7_75t_R)
                                         spad/acc_scale_unit/pipe_out_p/_25593_ (net)
                810.53    0.00 38227.30 ^ spad/acc_scale_unit/pipe_out_p/_46429_/B (AOI21xp5_ASAP7_75t_R)
     1    0.56  732.37   66.08 38293.38 v spad/acc_scale_unit/pipe_out_p/_46429_/Y (AOI21xp5_ASAP7_75t_R)
                                         spad/acc_scale_unit/pipe_out_p/_12722_ (net)
                732.37    0.00 38293.38 v spad/acc_scale_unit/pipe_out_p/stages_4_full_data_0_0[0]$_DFFE_PN_/D (DFFHQNx1_ASAP7_75t_R)
                               38293.38   data arrival time

                  0.00    2.00    2.00   clock clock (rise edge)
                          0.00    2.00   clock network delay (ideal)
                         -0.10    1.90   clock uncertainty
                          0.00    1.90   clock reconvergence pessimism
                                  1.90 ^ spad/acc_scale_unit/pipe_out_p/stages_4_full_data_0_0[0]$_DFFE_PN_/CLK (DFFHQNx1_ASAP7_75t_R)
                        -74.20  -72.30   library setup time
                                -72.30   data required time
-----------------------------------------------------------------------------
                                -72.30   data required time
                               -38293.38   data arrival time
-----------------------------------------------------------------------------
                               -38365.67   slack (VIOLATED)



==========================================================================
floorplan final report_checks -unconstrained
--------------------------------------------------------------------------
Startpoint: tlb/tlbArbOpt_io_in_0_valid_REG$_DFF_P_
            (rising edge-triggered flip-flop clocked by clock)
Endpoint: spad/acc_scale_unit/pipe_out_p/stages_4_full_data_0_0[0]$_DFFE_PN_
          (rising edge-triggered flip-flop clocked by clock)
Path Group: clock
Path Type: max

Fanout     Cap    Slew   Delay    Time   Description
-----------------------------------------------------------------------------
                  0.00    0.00    0.00   clock clock (rise edge)
                          0.00    0.00   clock network delay (ideal)
                  0.00    0.00    0.00 ^ tlb/tlbArbOpt_io_in_0_valid_REG$_DFF_P_/CLK (DFFHQNx1_ASAP7_75t_R)
     2    4.17   43.10   62.77   62.77 v tlb/tlbArbOpt_io_in_0_valid_REG$_DFF_P_/QN (DFFHQNx1_ASAP7_75t_R)
                                         tlb/_0222_ (net)
                 43.10    0.00   62.77 v tlb/_0854_/A (INVx3_ASAP7_75t_R)
    48   26.65   83.11   53.53  116.30 ^ tlb/_0854_/Y (INVx3_ASAP7_75t_R)
                                         tlb/tlbArbOpt_io_in_0_valid_REG (net)
                 83.11    0.00  116.30 ^ tlb/tlbArbOpt/_104_/A (INVx2_ASAP7_75t_R)
     2    1.62   20.81   17.43  133.72 v tlb/tlbArbOpt/_104_/Y (INVx2_ASAP7_75t_R)
                                         tlb/tlbArbOpt/_003_ (net)
                 20.81    0.00  133.72 v tlb/tlbArbOpt/_105_/B (AOI21x1_ASAP7_75t_R)
    47   41.19  352.71  171.92  305.65 ^ tlb/tlbArbOpt/_105_/Y (AOI21x1_ASAP7_75t_R)
                                         tlb/tlbArbOpt/_004_ (net)
                352.71    0.00  305.65 ^ tlb/tlbArbOpt/_191_/A2 (OAI21x1_ASAP7_75t_R)
    73   41.17  289.65  204.22  509.86 v tlb/tlbArbOpt/_191_/Y (OAI21x1_ASAP7_75t_R)
                                         tlb/_tlbArbOpt_io_out_bits_tlb_req_vaddr[13] (net)
                289.65    0.00  509.86 v tlb/tlbs_0/tlb/_3124_/C (OAI211xp5_ASAP7_75t_R)
     1    0.57   65.40   58.17  568.03 ^ tlb/tlbs_0/tlb/_3124_/Y (OAI211xp5_ASAP7_75t_R)
                                         tlb/tlbs_0/tlb/_1168_ (net)
                 65.40    0.00  568.03 ^ tlb/tlbs_0/tlb/_3125_/A2 (AO21x1_ASAP7_75t_R)
     2    1.03   16.93   30.23  598.26 ^ tlb/tlbs_0/tlb/_3125_/Y (AO21x1_ASAP7_75t_R)
                                         tlb/tlbs_0/tlb/_1169_ (net)
                 16.93    0.00  598.26 ^ tlb/tlbs_0/tlb/_3159_/A (OR5x1_ASAP7_75t_R)
    26   11.91  107.23   65.41  663.67 ^ tlb/tlbs_0/tlb/_3159_/Y (OR5x1_ASAP7_75t_R)
                                         tlb/tlbs_0/tlb/_1203_ (net)
                107.23    0.00  663.67 ^ tlb/tlbs_0/tlb/_3772_/A (NAND5xp2_ASAP7_75t_R)
    32   15.65  462.33  245.08  908.75 v tlb/tlbs_0/tlb/_3772_/Y (NAND5xp2_ASAP7_75t_R)
                                         tlb/tlbs_0/tlb/_1734_ (net)
                462.33    0.00  908.75 v tlb/tlbs_0/tlb/_5050_/C (NOR3xp33_ASAP7_75t_R)
     1    0.55   75.92   49.94  958.69 ^ tlb/tlbs_0/tlb/_5050_/Y (NOR3xp33_ASAP7_75t_R)
                                         tlb/tlbs_0/tlb/_2533_ (net)
                 75.92    0.00  958.69 ^ tlb/tlbs_0/tlb/_5051_/D (OR4x1_ASAP7_75t_R)
     5   20.19  178.65  108.26 1066.95 ^ tlb/tlbs_0/tlb/_5051_/Y (OR4x1_ASAP7_75t_R)
                                         _tlb_io_counter_event_signal_15 (net)
                178.65    0.00 1066.95 ^ tlb/_1011_/A (INVx5_ASAP7_75t_R)
     4    6.07   37.59   28.82 1095.77 v tlb/_1011_/Y (INVx5_ASAP7_75t_R)
                                         tlb/_0641_ (net)
                 37.59    0.00 1095.77 v tlb/_1270_/A1 (OAI21xp5_ASAP7_75t_R)
     6    8.79  197.49   83.95 1179.72 ^ tlb/_1270_/Y (OAI21xp5_ASAP7_75t_R)
                                         _tlb_io_clients_0_resp_miss (net)
                197.49    0.00 1179.72 ^ spad/writer/_25978_/A (CKINVDCx5p33_ASAP7_75t_R)
     3    1.32   26.00   16.48 1196.20 v spad/writer/_25978_/Y (CKINVDCx5p33_ASAP7_75t_R)
                                         spad/writer/_07805_ (net)
                 26.00    0.00 1196.20 v spad/writer/_25979_/B (NOR2xp33_ASAP7_75t_R)
   398  220.24 5506.69 2558.58 3754.77 ^ spad/writer/_25979_/Y (NOR2xp33_ASAP7_75t_R)
                                         spad/writer/retry_a_valid (net)
               5506.69    0.00 3754.77 ^ spad/writer/tlb_arb/_2525_/A (NOR3x1_ASAP7_75t_R)
     1    0.51  523.45  385.73 4140.50 v spad/writer/tlb_arb/_2525_/Y (NOR3x1_ASAP7_75t_R)
                                         spad/writer/_tlb_arb_io_in_2_ready (net)
                523.45    0.00 4140.50 v spad/writer/_22514_/C (OAI321xp33_ASAP7_75t_R)
    15    7.16  487.10  198.39 4338.89 ^ spad/writer/_22514_/Y (OAI321xp33_ASAP7_75t_R)
                                         spad/writer/_05558_ (net)
                487.10    0.00 4338.89 ^ spad/writer/_22521_/B (NOR2xp33_ASAP7_75t_R)
    21   14.38  485.29  317.70 4656.59 v spad/writer/_22521_/Y (NOR2xp33_ASAP7_75t_R)
                                         spad/writer/_05565_ (net)
                485.29    0.00 4656.59 v spad/writer/_22753_/A2 (A2O1A1Ixp33_ASAP7_75t_R)
     3    1.34   97.62   79.96 4736.55 ^ spad/writer/_22753_/Y (A2O1A1Ixp33_ASAP7_75t_R)
                                         spad/writer/_05760_ (net)
                 97.62    0.00 4736.55 ^ spad/writer/_22757_/A3 (OAI31xp33_ASAP7_75t_R)
     8    4.10  101.71   64.97 4801.52 v spad/writer/_22757_/Y (OAI31xp33_ASAP7_75t_R)
                                         spad/writer/_05764_ (net)
                101.71    0.00 4801.52 v spad/writer/_25981_/B (NOR2xp33_ASAP7_75t_R)
     1    3.70  112.58   80.28 4881.80 ^ spad/writer/_25981_/Y (NOR2xp33_ASAP7_75t_R)
                                         spad/writer/_07806_ (net)
                112.58    0.00 4881.80 ^ spad/writer/_25982_/A (CKINVDCx5p33_ASAP7_75t_R)
     2    1.09   18.04   13.31 4895.11 v spad/writer/_25982_/Y (CKINVDCx5p33_ASAP7_75t_R)
                                         spad/_writer_io_req_ready (net)
                 18.04    0.00 4895.11 v spad/_21644_/A (INVx1_ASAP7_75t_R)
     3    1.34   16.61   14.07 4909.18 ^ spad/_21644_/Y (INVx1_ASAP7_75t_R)
                                         spad/_09327_ (net)
                 16.61    0.00 4909.18 ^ spad/_21646_/B (OR4x1_ASAP7_75t_R)
   259  107.95  940.19  440.87 5350.05 ^ spad/_21646_/Y (OR4x1_ASAP7_75t_R)
                                         spad/_09329_ (net)
                940.19    0.00 5350.05 ^ spad/_24039_/B2 (AOI32xp33_ASAP7_75t_R)
     2    5.19  316.84  262.48 5612.53 v spad/_24039_/Y (AOI32xp33_ASAP7_75t_R)
                                         spad/_02676_ (net)
                316.84    0.00 5612.53 v spad/acc_scale_unit/pipe_out_p/_32785_/D (NOR4xp75_ASAP7_75t_R)
  1291  549.55 6208.60 3000.85 8613.38 ^ spad/acc_scale_unit/pipe_out_p/_32785_/Y (NOR4xp75_ASAP7_75t_R)
                                         spad/acc_scale_unit/pipe_out_p/_16449_ (net)
               6208.60    0.00 8613.38 ^ spad/acc_scale_unit/pipe_out_p/_44723_/B (NAND2xp5_ASAP7_75t_R)
  1287  546.83 6519.20 29170.60 37783.97 v spad/acc_scale_unit/pipe_out_p/_44723_/Y (NAND2xp5_ASAP7_75t_R)
                                         spad/acc_scale_unit/pipe_out_p/_24415_ (net)
               6519.20    0.00 37783.97 v spad/acc_scale_unit/pipe_out_p/_46428_/B (NOR2xp33_ASAP7_75t_R)
     1    0.55  810.53  443.33 38227.30 ^ spad/acc_scale_unit/pipe_out_p/_46428_/Y (NOR2xp33_ASAP7_75t_R)
                                         spad/acc_scale_unit/pipe_out_p/_25593_ (net)
                810.53    0.00 38227.30 ^ spad/acc_scale_unit/pipe_out_p/_46429_/B (AOI21xp5_ASAP7_75t_R)
     1    0.56  732.37   66.08 38293.38 v spad/acc_scale_unit/pipe_out_p/_46429_/Y (AOI21xp5_ASAP7_75t_R)
                                         spad/acc_scale_unit/pipe_out_p/_12722_ (net)
                732.37    0.00 38293.38 v spad/acc_scale_unit/pipe_out_p/stages_4_full_data_0_0[0]$_DFFE_PN_/D (DFFHQNx1_ASAP7_75t_R)
                               38293.38   data arrival time

                  0.00    2.00    2.00   clock clock (rise edge)
                          0.00    2.00   clock network delay (ideal)
                         -0.10    1.90   clock uncertainty
                          0.00    1.90   clock reconvergence pessimism
                                  1.90 ^ spad/acc_scale_unit/pipe_out_p/stages_4_full_data_0_0[0]$_DFFE_PN_/CLK (DFFHQNx1_ASAP7_75t_R)
                        -74.20  -72.30   library setup time
                                -72.30   data required time
-----------------------------------------------------------------------------
                                -72.30   data required time
                               -38293.38   data arrival time
-----------------------------------------------------------------------------
                               -38365.67   slack (VIOLATED)



==========================================================================
floorplan final report_power
--------------------------------------------------------------------------
