violation type: Horizontal congestion
	srcs: net:io_ptw_0_pmp_2_addr[10] net:io_ptw_0_pmp_3_addr[27] net:io_ptw_0_pmp_7_addr[26] net:io_ptw_0_pmp_7_mask[0] net:io_ptw_0_pmp_7_mask[25]
	comment: capacity:4 usage:5 overflow:1
	bbox = (0.0000, 1723.6800) - (0.5400, 1724.2200) on Layer -
violation type: Horizontal congestion
	srcs: net:io_ptw_0_pmp_3_mask[22] net:io_ptw_0_pmp_3_mask[29] net:io_ptw_0_pmp_3_mask[9] net:io_ptw_0_pmp_7_addr[4] net:io_resp_bits_data[29]
	comment: capacity:4 usage:5 overflow:1
	bbox = (0.0000, 1724.2200) - (0.5400, 1724.7600) on Layer -
violation type: Horizontal congestion
	srcs: net:io_ptw_0_pmp_3_addr[26] net:io_ptw_0_pmp_3_addr[6] net:io_ptw_0_pmp_3_addr[7] net:io_ptw_0_pmp_3_mask[12] net:io_ptw_0_pmp_7_addr[24]
	comment: capacity:4 usage:5 overflow:1
	bbox = (0.0000, 1724.7600) - (0.5400, 1725.3000) on Layer -
violation type: Vertical congestion
	srcs: net:io_ptw_0_pmp_2_addr[11] net:io_ptw_0_pmp_2_addr[24] net:io_ptw_0_pmp_3_addr[24] net:io_ptw_0_pmp_7_mask[28] net:io_resp_bits_data[21]
	comment: capacity:4 usage:5 overflow:1
	bbox = (0.0000, 1715.5800) - (0.5400, 1716.1200) on Layer -
