violation type: Horizontal congestion
	srcs: net:io_ptw_0_pmp_2_addr[19] net:io_ptw_0_pmp_2_mask[27] net:io_ptw_0_pmp_3_addr[13] net:io_ptw_0_pmp_3_addr[20] net:io_ptw_0_pmp_7_addr[3]
	comment: capacity:4 usage:5 overflow:1
	bbox = (0.0000, 1717.7400) - (0.5400, 1718.2800) on Layer -
violation type: Horizontal congestion
	srcs: net:io_ptw_0_pmp_2_addr[7] net:io_ptw_0_pmp_7_cfg_a[0] net:auto_spad_id_out_a_bits_address[11] net:io_resp_bits_data[7] net:auto_spad_id_out_a_bits_opcode[2]
	comment: capacity:4 usage:5 overflow:1
	bbox = (0.0000, 1719.9000) - (0.5400, 1720.4400) on Layer -
violation type: Horizontal congestion
	srcs: net:io_ptw_0_pmp_2_addr[27] net:io_ptw_0_pmp_2_mask[28] net:io_ptw_0_pmp_7_addr[2] net:io_ptw_0_pmp_7_cfg_a[1] net:auto_spad_id_out_a_bits_size[1]
	comment: capacity:4 usage:5 overflow:1
	bbox = (0.0000, 1720.4400) - (0.5400, 1720.9800) on Layer -
violation type: Horizontal congestion
	srcs: net:io_ptw_0_pmp_2_addr[5] net:io_ptw_0_pmp_2_mask[11] net:io_ptw_0_pmp_3_addr[28] net:io_ptw_0_pmp_7_addr[25] net:io_ptw_0_pmp_7_addr[27]
	comment: capacity:4 usage:5 overflow:1
	bbox = (0.0000, 1723.1400) - (0.5400, 1723.6800) on Layer -
violation type: Horizontal congestion
	srcs: net:io_ptw_0_pmp_2_addr[10] net:io_ptw_0_pmp_2_addr[5] net:io_ptw_0_pmp_3_mask[22] net:io_ptw_0_pmp_3_mask[9] net:io_resp_bits_data[29]
	comment: capacity:4 usage:5 overflow:1
	bbox = (0.5400, 1724.2200) - (1.0800, 1724.7600) on Layer -
