violation type: Horizontal congestion
	srcs: net:io_ptw_0_pmp_2_addr[19] net:io_ptw_0_pmp_2_addr[21] net:io_ptw_0_pmp_3_addr[21] net:io_ptw_0_pmp_3_mask[15] net:io_ptw_0_pmp_3_mask[26]
	comment: capacity:4 usage:5 overflow:1
	bbox = (0.0000, 1718.8200) - (0.5400, 1719.3600) on Layer -
violation type: Horizontal congestion
	srcs: net:io_ptw_0_pmp_2_mask[28] net:io_ptw_0_pmp_3_mask[28] net:io_ptw_0_pmp_7_addr[4] net:io_ptw_0_pmp_7_mask[2] net:io_ptw_0_pmp_7_mask[6]
	comment: capacity:4 usage:5 overflow:1
	bbox = (0.0000, 1719.3600) - (0.5400, 1719.9000) on Layer -
violation type: Horizontal congestion
	srcs: net:io_ptw_0_pmp_2_addr[27] net:io_ptw_0_pmp_7_addr[2] net:io_ptw_0_pmp_7_cfg_a[1] net:auto_spad_id_out_a_bits_address[11] net:auto_spad_id_out_a_bits_size[1]
	comment: capacity:4 usage:5 overflow:1
	bbox = (0.0000, 1720.4400) - (0.5400, 1720.9800) on Layer -
violation type: Horizontal congestion
	srcs: net:io_ptw_0_pmp_2_addr[28] net:io_ptw_0_pmp_2_addr[7] net:io_ptw_0_pmp_2_mask[5] net:io_ptw_0_pmp_3_addr[4] net:io_ptw_0_pmp_7_addr[24]
	comment: capacity:4 usage:5 overflow:1
	bbox = (0.0000, 1725.3000) - (0.5400, 1725.8400) on Layer -
violation type: Horizontal congestion
	srcs: net:io_ptw_0_pmp_2_addr[27] net:io_ptw_0_pmp_7_addr[2] net:io_ptw_0_pmp_7_cfg_a[1] net:auto_spad_id_out_a_bits_address[11] net:auto_spad_id_out_a_bits_size[1]
	comment: capacity:4 usage:5 overflow:1
	bbox = (0.5400, 1720.4400) - (1.0800, 1720.9800) on Layer -
