violation type: Horizontal congestion
	srcs: net:io_ptw_0_pmp_2_addr[24] net:io_ptw_0_pmp_2_addr[25] net:io_ptw_0_pmp_2_mask[21] net:io_ptw_0_pmp_3_addr[19] net:io_ptw_0_pmp_3_addr[22]
	comment: capacity:4 usage:5 overflow:1
	bbox = (0.0000, 1716.6600) - (0.5400, 1717.2000) on Layer -
violation type: Horizontal congestion
	srcs: net:io_ptw_0_pmp_2_addr[22] net:io_ptw_0_pmp_2_addr[26] net:io_ptw_0_pmp_2_addr[5] net:io_ptw_0_pmp_7_addr[4] net:io_ptw_0_pmp_7_mask[1]
	comment: capacity:4 usage:5 overflow:1
	bbox = (0.0000, 1722.6000) - (0.5400, 1723.1400) on Layer -
violation type: Horizontal congestion
	srcs: net:io_ptw_0_pmp_2_addr[7] net:io_ptw_0_pmp_2_mask[11] net:io_ptw_0_pmp_3_addr[28] net:io_ptw_0_pmp_7_addr[25] net:io_ptw_0_pmp_7_addr[27]
	comment: capacity:4 usage:5 overflow:1
	bbox = (0.0000, 1723.1400) - (0.5400, 1723.6800) on Layer -
violation type: Horizontal congestion
	srcs: net:io_ptw_0_pmp_2_addr[10] net:io_ptw_0_pmp_2_addr[28] net:io_ptw_0_pmp_2_mask[5] net:io_ptw_0_pmp_3_addr[4] net:io_ptw_0_pmp_3_mask[13]
	comment: capacity:4 usage:5 overflow:1
	bbox = (0.0000, 1725.3000) - (0.5400, 1725.8400) on Layer -
