Warning 1212: /home/lisihang/thermal_placement/third_party/edahub/edahub/technology/asap7/lib/asap7sc7p5t_SIMPLE_RVT_TT_nldm_201020.lib line 13178, timing group from output port.
Warning 1212: /home/lisihang/thermal_placement/third_party/edahub/edahub/technology/asap7/lib/asap7sc7p5t_SIMPLE_RVT_TT_nldm_201020.lib line 13211, timing group from output port.
Warning 1212: /home/lisihang/thermal_placement/third_party/edahub/edahub/technology/asap7/lib/asap7sc7p5t_SIMPLE_RVT_TT_nldm_201020.lib line 13244, timing group from output port.
Warning 1212: /home/lisihang/thermal_placement/third_party/edahub/edahub/technology/asap7/lib/asap7sc7p5t_SIMPLE_RVT_TT_nldm_201020.lib line 13277, timing group from output port.
Warning 1212: /home/lisihang/thermal_placement/third_party/edahub/edahub/technology/asap7/lib/asap7sc7p5t_SIMPLE_RVT_TT_nldm_201020.lib line 13310, timing group from output port.
Warning 1212: /home/lisihang/thermal_placement/third_party/edahub/edahub/technology/asap7/lib/asap7sc7p5t_SIMPLE_RVT_TT_nldm_201020.lib line 13343, timing group from output port.
Warning 1212: /home/lisihang/thermal_placement/third_party/edahub/edahub/technology/asap7/lib/asap7sc7p5t_SIMPLE_RVT_TT_nldm_201020.lib line 13376, timing group from output port.
Warning 1212: /home/lisihang/thermal_placement/third_party/edahub/edahub/technology/asap7/lib/asap7sc7p5t_SIMPLE_RVT_TT_nldm_201020.lib line 14772, timing group from output port.
Warning 1212: /home/lisihang/thermal_placement/third_party/edahub/edahub/technology/asap7/lib/asap7sc7p5t_SIMPLE_RVT_TT_nldm_201020.lib line 14805, timing group from output port.
Warning 1212: /home/lisihang/thermal_placement/third_party/edahub/edahub/technology/asap7/lib/asap7sc7p5t_SIMPLE_RVT_TT_nldm_201020.lib line 14838, timing group from output port.
Warning 198: /home/lisihang/thermal_placement/physical/stage2_tiled_matmul_os_baseline_asap7/results/asap7/stage2_tiled_matmul_os_baseline_asap7/noaddermap/6_final.v line 4343543, module mem_0_ext not found. Creating black box for \spad/acc_mems_0/mem/mem/mem_0_ext .
Warning 198: /home/lisihang/thermal_placement/physical/stage2_tiled_matmul_os_baseline_asap7/results/asap7/stage2_tiled_matmul_os_baseline_asap7/noaddermap/6_final.v line 5146117, module mem_ext not found. Creating black box for \spad/spad_mems_0/mem/mem_ext .
Warning 502: stage3_tiled_matmul_os_baseline_opensta_sanity.tcl line 1, report_checks -endpoint_count is deprecated. Use -endpoint_path_count instead.
Warning 503: stage3_tiled_matmul_os_baseline_opensta_sanity.tcl line 1, report_checks -group_count is deprecated. Use -group_path_count instead.
Startpoint: spad/norm_unit_passthru_q/wrap_1$_SDFFE_PP0P_
            (rising edge-triggered flip-flop clocked by clock)
Endpoint: spad/acc_scale_unit/pipe_out_p/stages_0_resp_data_14_0[6]$_DFFE_PP_
          (rising edge-triggered flip-flop clocked by clock)
Path Group: clock
Path Type: max

  Delay    Time   Description
---------------------------------------------------------
   0.00    0.00   clock clock (rise edge)
 505.21  505.21   clock network delay (propagated)
   0.00  505.21 ^ spad/norm_unit_passthru_q/wrap_1$_SDFFE_PP0P_/CLK (DFFHQNx2_ASAP7_75t_R)
  70.48  575.69 v spad/norm_unit_passthru_q/wrap_1$_SDFFE_PP0P_/QN (DFFHQNx2_ASAP7_75t_R)
  28.04  603.73 ^ spad/norm_unit_passthru_q/_20_/Y (INVx3_ASAP7_75t_R)
  10.55  614.28 v spad/norm_unit_passthru_q/ram_ext/_4830_/Y (CKINVDCx16_ASAP7_75t_R)
  16.82  631.10 v max_length95872/Y (BUFx12f_ASAP7_75t_R)
  18.35  649.45 v wire95866/Y (BUFx16f_ASAP7_75t_R)
  24.10  673.55 v wire95865/Y (BUFx24_ASAP7_75t_R)
  21.22  694.77 v max_length95864/Y (BUFx12f_ASAP7_75t_R)
  20.18  714.95 v max_length95863/Y (BUFx12f_ASAP7_75t_R)
  19.62  734.57 v max_length95862/Y (BUFx12f_ASAP7_75t_R)
  24.75  759.32 v wire95861/Y (BUFx16f_ASAP7_75t_R)
  22.53  781.85 v wire95859/Y (BUFx12f_ASAP7_75t_R)
  22.62  804.46 v max_length95858/Y (BUFx12f_ASAP7_75t_R)
  24.14  828.60 v wire95856/Y (BUFx16f_ASAP7_75t_R)
  28.10  856.70 v max_length95855/Y (BUFx12_ASAP7_75t_R)
  27.06  883.77 v max_length95854/Y (BUFx10_ASAP7_75t_R)
  20.89  904.66 v wire95846/Y (BUFx12f_ASAP7_75t_R)
  23.66  928.32 v max_length95845/Y (BUFx16f_ASAP7_75t_R)
  25.22  953.54 v max_length95844/Y (BUFx10_ASAP7_75t_R)
  26.03  979.56 v wire95843/Y (BUFx24_ASAP7_75t_R)
  23.58 1003.14 v wire95842/Y (BUFx16f_ASAP7_75t_R)
  20.54 1023.68 v max_length95839/Y (BUFx12f_ASAP7_75t_R)
  20.22 1043.91 v max_length95838/Y (BUFx12f_ASAP7_75t_R)
  20.42 1064.33 v max_length95837/Y (BUFx12f_ASAP7_75t_R)
  19.49 1083.82 v max_length95836/Y (BUFx12f_ASAP7_75t_R)
  19.74 1103.57 v max_length95835/Y (BUFx12f_ASAP7_75t_R)
  23.53 1127.09 ^ spad/norm_unit_passthru_q/ram_ext/_5055_/Y (AOI21xp33_ASAP7_75t_R)
  23.97 1151.06 ^ wire73704/Y (BUFx6f_ASAP7_75t_R)
  15.06 1166.12 ^ wire73703/Y (BUFx12f_ASAP7_75t_R)
  20.83 1186.95 ^ wire73702/Y (BUFx24_ASAP7_75t_R)
  19.37 1206.33 ^ wire73701/Y (BUFx10_ASAP7_75t_R)
   6.52 1212.84 v spad/acc_scale_unit/_2510_/Y (INVx5_ASAP7_75t_R)
  21.47 1234.31 ^ spad/acc_scale_unit/_2511_/Y (NOR2xp67_ASAP7_75t_R)
  27.62 1261.93 ^ wire59309/Y (BUFx12f_ASAP7_75t_R)
  27.36 1289.29 ^ wire59308/Y (BUFx12f_ASAP7_75t_R)
  36.81 1326.10 ^ load_slew59307/Y (BUFx10_ASAP7_75t_R)
  21.42 1347.51 v spad/acc_scale_unit/_2569_/Y (NOR2x2_ASAP7_75t_R)
  75.87 1423.38 v spad/acc_scale_unit/activated_data_e_scaled_in_to_rec_fn_14/_0611_/Y (OR5x2_ASAP7_75t_R)
  50.90 1474.28 ^ spad/acc_scale_unit/activated_data_e_scaled_in_to_rec_fn_14/_0637_/Y (NOR4xp75_ASAP7_75t_R)
  38.02 1512.30 ^ load_slew50182/Y (BUFx6f_ASAP7_75t_R)
  14.63 1526.94 v spad/acc_scale_unit/activated_data_e_scaled_in_to_rec_fn_14/_0656_/Y (NAND2x2_ASAP7_75t_R)
  41.37 1568.31 v spad/acc_scale_unit/activated_data_e_scaled_in_to_rec_fn_14/_0657_/Y (OA211x2_ASAP7_75t_R)
  23.87 1592.17 v spad/acc_scale_unit/activated_data_e_scaled_in_to_rec_fn_14/_0704_/Y (OR2x2_ASAP7_75t_R)
  70.49 1662.66 ^ spad/acc_scale_unit/activated_data_e_scaled_in_to_rec_fn_14/_0706_/Y (A2O1A1O1Ixp25_ASAP7_75t_R)
  44.34 1707.01 ^ max_cap37305/Y (BUFx3_ASAP7_75t_R)
  23.44 1730.45 ^ load_slew37304/Y (BUFx3_ASAP7_75t_R)
  23.19 1753.64 ^ load_slew37303/Y (BUFx3_ASAP7_75t_R)
  22.70 1776.34 ^ load_slew37302/Y (BUFx3_ASAP7_75t_R)
  29.37 1805.71 ^ wire37301/Y (BUFx4f_ASAP7_75t_R)
  14.37 1820.08 v spad/acc_scale_unit/activated_data_e_scaled_in_to_rec_fn_14/_0707_/Y (CKINVDCx20_ASAP7_75t_R)
  14.75 1834.83 ^ spad/acc_scale_unit/activated_data_e_scaled_in_to_rec_fn_14/_1142_/Y (OAI211xp5_ASAP7_75t_R)
  27.27 1862.10 v spad/acc_scale_unit/activated_data_e_scaled_in_to_rec_fn_14/_1144_/Y (OAI211xp5_ASAP7_75t_R)
  32.85 1894.95 ^ spad/acc_scale_unit/activated_data_e_scaled_in_to_rec_fn_14/_1227_/Y (OAI221xp5_ASAP7_75t_R)
  40.11 1935.06 ^ spad/acc_scale_unit/activated_data_e_scaled_in_to_rec_fn_14/_1230_/Y (OA21x2_ASAP7_75t_R)
  23.46 1958.52 v spad/acc_scale_unit/activated_data_e_scaled_in_to_rec_fn_14/roundAnyRawFNToRecFN/_125_/Y (NAND4xp75_ASAP7_75t_R)
  74.42 2032.94 ^ spad/acc_scale_unit/activated_data_e_scaled_in_to_rec_fn_14/roundAnyRawFNToRecFN/_129_/Y (NOR5xp2_ASAP7_75t_R)
  26.18 2059.12 v spad/acc_scale_unit/activated_data_e_scaled_in_to_rec_fn_14/roundAnyRawFNToRecFN/_136_/Y (NAND3x2_ASAP7_75t_R)
  26.07 2085.19 ^ spad/acc_scale_unit/activated_data_e_scaled_in_to_rec_fn_14/roundAnyRawFNToRecFN/_145_/Y (AOI21xp33_ASAP7_75t_R)
  50.82 2136.01 v spad/acc_scale_unit/activated_data_e_scaled_in_to_rec_fn_14/roundAnyRawFNToRecFN/_146_/Y (XNOR2x2_ASAP7_75t_R)
  39.46 2175.48 ^ spad/acc_scale_unit/activated_data_e_scaled_muladder_14/mulAddRecFNToRaw_preMul/_0783_/Y (XNOR2x2_ASAP7_75t_R)
  15.49 2190.97 v spad/acc_scale_unit/activated_data_e_scaled_muladder_14/mulAddRecFNToRaw_preMul/_0828_/Y (NAND3xp33_ASAP7_75t_R)
  26.81 2217.77 ^ spad/acc_scale_unit/activated_data_e_scaled_muladder_14/mulAddRecFNToRaw_preMul/_0830_/Y (O2A1O1Ixp33_ASAP7_75t_R)
  31.70 2249.47 ^ spad/acc_scale_unit/activated_data_e_scaled_muladder_14/mulAddRecFNToRaw_preMul/_0835_/Y (AO21x1_ASAP7_75t_R)
  30.90 2280.36 v spad/acc_scale_unit/activated_data_e_scaled_muladder_14/mulAddRecFNToRaw_preMul/_0861_/Y (AOI211x1_ASAP7_75t_R)
  65.99 2346.35 ^ spad/acc_scale_unit/activated_data_e_scaled_muladder_14/mulAddRecFNToRaw_preMul/_0871_/Y (AOI32xp33_ASAP7_75t_R)
  42.83 2389.18 ^ spad/acc_scale_unit/activated_data_e_scaled_muladder_14/mulAddRecFNToRaw_preMul/_0965_/Y (AND2x2_ASAP7_75t_R)
  18.90 2408.08 v spad/acc_scale_unit/activated_data_e_scaled_muladder_14/mulAddRecFNToRaw_preMul/_0977_/Y (OAI211xp5_ASAP7_75t_R)
  70.62 2478.69 v spad/acc_scale_unit/activated_data_e_scaled_muladder_14/mulAddRecFNToRaw_preMul/_0981_/Y (OA211x2_ASAP7_75t_R)
  43.60 2522.30 v spad/acc_scale_unit/activated_data_e_scaled_muladder_14/mulAddRecFNToRaw_preMul/_1038_/Y (AO21x1_ASAP7_75t_R)
  30.64 2552.94 ^ spad/acc_scale_unit/activated_data_e_scaled_muladder_14/mulAddRecFNToRaw_preMul/_1082_/Y (OAI21xp5_ASAP7_75t_R)
  29.73 2582.67 ^ wire8500/Y (BUFx4f_ASAP7_75t_R)
  26.84 2609.50 ^ wire8499/Y (BUFx4f_ASAP7_75t_R)
  31.80 2641.30 ^ wire8497/Y (BUFx4f_ASAP7_75t_R)
  13.00 2654.30 v spad/acc_scale_unit/activated_data_e_scaled_muladder_14/mulAddRecFNToRaw_preMul/_1085_/Y (CKINVDCx16_ASAP7_75t_R)
  26.87 2681.17 v max_length7157/Y (BUFx16f_ASAP7_75t_R)
  18.65 2699.82 ^ spad/acc_scale_unit/activated_data_e_scaled_muladder_14/mulAddRecFNToRaw_preMul/_1153_/Y (NOR3xp33_ASAP7_75t_R)
  18.29 2718.11 v spad/acc_scale_unit/activated_data_e_scaled_muladder_14/mulAddRecFNToRaw_preMul/_1154_/Y (OAI21xp5_ASAP7_75t_R)
  23.03 2741.14 ^ spad/acc_scale_unit/activated_data_e_scaled_muladder_14/mulAddRecFNToRaw_preMul/_1155_/Y (O2A1O1Ixp33_ASAP7_75t_R)
  27.46 2768.61 v spad/acc_scale_unit/activated_data_e_scaled_muladder_14/mulAddRecFNToRaw_preMul/_1156_/Y (AOI31xp67_ASAP7_75t_R)
  29.32 2797.93 v spad/acc_scale_unit/activated_data_e_scaled_muladder_14/mulAddRecFNToRaw_preMul/_1183_/Y (AO21x1_ASAP7_75t_R)
  67.56 2865.48 ^ spad/acc_scale_unit/activated_data_e_scaled_muladder_14/mulAddRecFNToRaw_preMul/_1570_/Y (OAI21xp5_ASAP7_75t_R)
  15.11 2880.59 v spad/acc_scale_unit/activated_data_e_scaled_muladder_14/_6094_/Y (INVx13_ASAP7_75t_R)
  30.62 2911.21 v spad/acc_scale_unit/activated_data_e_scaled_muladder_14/_6328_/Y (XNOR2xp5_ASAP7_75t_R)
  25.24 2936.45 v spad/acc_scale_unit/activated_data_e_scaled_muladder_14/_6329_/Y (AO21x1_ASAP7_75t_R)
  29.53 2965.99 ^ spad/acc_scale_unit/activated_data_e_scaled_muladder_14/_6332_/Y (OAI211xp5_ASAP7_75t_R)
  51.35 3017.34 v spad/acc_scale_unit/activated_data_e_scaled_muladder_14/_6335_/Y (XNOR2x2_ASAP7_75t_R)
  27.71 3045.05 v spad/acc_scale_unit/activated_data_e_scaled_muladder_14/_6338_/Y (XNOR2xp5_ASAP7_75t_R)
  37.00 3082.05 v spad/acc_scale_unit/activated_data_e_scaled_muladder_14/_6339_/Y (XNOR2xp5_ASAP7_75t_R)
  29.48 3111.53 v spad/acc_scale_unit/activated_data_e_scaled_muladder_14/_6340_/Y (XOR2xp5_ASAP7_75t_R)
  33.34 3144.87 v spad/acc_scale_unit/activated_data_e_scaled_muladder_14/_6341_/Y (XNOR2xp5_ASAP7_75t_R)
  32.29 3177.16 ^ spad/acc_scale_unit/activated_data_e_scaled_muladder_14/_6489_/Y (OAI211xp5_ASAP7_75t_R)
  34.45 3211.61 v spad/acc_scale_unit/activated_data_e_scaled_muladder_14/_6510_/Y (AOI211x1_ASAP7_75t_R)
  28.54 3240.15 ^ spad/acc_scale_unit/activated_data_e_scaled_muladder_14/_7344_/Y (OAI31xp67_ASAP7_75t_R)
  39.77 3279.92 v spad/acc_scale_unit/activated_data_e_scaled_muladder_14/_7354_/Y (A2O1A1Ixp33_ASAP7_75t_R)
  49.89 3329.81 v spad/acc_scale_unit/activated_data_e_scaled_muladder_14/_7375_/Y (AO221x2_ASAP7_75t_R)
  24.34 3354.15 ^ spad/acc_scale_unit/activated_data_e_scaled_muladder_14/_7380_/Y (AOI21x1_ASAP7_75t_R)
  22.19 3376.34 v spad/acc_scale_unit/activated_data_e_scaled_muladder_14/_7384_/Y (A2O1A1O1Ixp25_ASAP7_75t_R)
  28.83 3405.17 v spad/acc_scale_unit/activated_data_e_scaled_muladder_14/_7385_/Y (AO21x1_ASAP7_75t_R)
  43.59 3448.77 ^ spad/acc_scale_unit/activated_data_e_scaled_muladder_14/_7390_/Y (A2O1A1O1Ixp25_ASAP7_75t_R)
  26.26 3475.02 v spad/acc_scale_unit/activated_data_e_scaled_muladder_14/_7391_/Y (MAJIxp5_ASAP7_75t_R)
  23.66 3498.68 ^ spad/acc_scale_unit/activated_data_e_scaled_muladder_14/_7392_/Y (MAJIxp5_ASAP7_75t_R)
  39.65 3538.33 ^ spad/acc_scale_unit/activated_data_e_scaled_muladder_14/_7393_/Y (XNOR2x2_ASAP7_75t_R)
  23.82 3562.15 v spad/acc_scale_unit/activated_data_e_scaled_muladder_14/mulAddRecFNToRaw_postMul/_1723_/Y (NAND4xp75_ASAP7_75t_R)
  54.52 3616.67 ^ spad/acc_scale_unit/activated_data_e_scaled_muladder_14/mulAddRecFNToRaw_postMul/_1747_/Y (NOR5xp2_ASAP7_75t_R)
  38.43 3655.09 v spad/acc_scale_unit/activated_data_e_scaled_muladder_14/mulAddRecFNToRaw_postMul/_1748_/Y (NAND5xp2_ASAP7_75t_R)
  33.08 3688.17 v wire1975/Y (BUFx4f_ASAP7_75t_R)
  36.87 3725.04 ^ spad/acc_scale_unit/activated_data_e_scaled_muladder_14/mulAddRecFNToRaw_postMul/_1904_/Y (OAI311xp33_ASAP7_75t_R)
  37.82 3762.86 ^ spad/acc_scale_unit/activated_data_e_scaled_muladder_14/mulAddRecFNToRaw_postMul/_1987_/Y (OA211x2_ASAP7_75t_R)
  36.08 3798.95 v spad/acc_scale_unit/activated_data_e_scaled_muladder_14/mulAddRecFNToRaw_postMul/_1990_/Y (OAI211xp5_ASAP7_75t_R)
  41.13 3840.07 v spad/acc_scale_unit/activated_data_e_scaled_muladder_14/mulAddRecFNToRaw_postMul/_1991_/Y (AND2x2_ASAP7_75t_R)
  27.12 3867.19 ^ spad/acc_scale_unit/activated_data_e_scaled_muladder_14/mulAddRecFNToRaw_postMul/_1992_/Y (OAI31xp67_ASAP7_75t_R)
  30.04 3897.23 ^ max_cap1650/Y (BUFx6f_ASAP7_75t_R)
  30.62 3927.84 ^ load_slew1648/Y (BUFx5_ASAP7_75t_R)
  27.64 3955.49 ^ load_slew1646/Y (BUFx4f_ASAP7_75t_R)
  19.32 3974.80 v spad/acc_scale_unit/activated_data_e_scaled_muladder_14/mulAddRecFNToRaw_postMul/_1993_/Y (AOI211x1_ASAP7_75t_R)
  37.05 4011.85 ^ spad/acc_scale_unit/activated_data_e_scaled_muladder_14/mulAddRecFNToRaw_postMul/_1996_/Y (OAI22x1_ASAP7_75t_R)
  26.33 4038.18 v spad/acc_scale_unit/activated_data_e_scaled_muladder_14/mulAddRecFNToRaw_postMul/_2008_/Y (AOI211x1_ASAP7_75t_R)
  22.80 4060.98 ^ spad/acc_scale_unit/activated_data_e_scaled_muladder_14/mulAddRecFNToRaw_postMul/_2022_/Y (AOI211xp5_ASAP7_75t_R)
  42.10 4103.08 ^ spad/acc_scale_unit/activated_data_e_scaled_muladder_14/mulAddRecFNToRaw_postMul/_2024_/Y (AO32x1_ASAP7_75t_R)
  50.23 4153.31 ^ spad/acc_scale_unit/activated_data_e_scaled_muladder_14/mulAddRecFNToRaw_postMul/_2025_/Y (XNOR2x2_ASAP7_75t_R)
  29.85 4183.16 ^ load_slew506/Y (BUFx12f_ASAP7_75t_R)
  43.60 4226.76 v spad/acc_scale_unit/activated_data_e_scaled_muladder_14/roundRawFNToRecFN/roundAnyRawFNToRecFN/_0617_/Y (NAND4xp75_ASAP7_75t_R)
  73.33 4300.09 ^ spad/acc_scale_unit/activated_data_e_scaled_muladder_14/roundRawFNToRecFN/roundAnyRawFNToRecFN/_0707_/Y (OAI31xp33_ASAP7_75t_R)
  21.87 4321.95 v spad/acc_scale_unit/activated_data_e_scaled_muladder_14/roundRawFNToRecFN/roundAnyRawFNToRecFN/_0708_/Y (OAI22x1_ASAP7_75t_R)
  41.49 4363.44 ^ spad/acc_scale_unit/activated_data_e_scaled_muladder_14/roundRawFNToRecFN/roundAnyRawFNToRecFN/_0709_/Y (AOI221xp5_ASAP7_75t_R)
  59.92 4423.36 ^ spad/acc_scale_unit/activated_data_e_scaled_muladder_14/roundRawFNToRecFN/roundAnyRawFNToRecFN/_0710_/Y (AND4x2_ASAP7_75t_R)
  22.24 4445.60 v spad/acc_scale_unit/activated_data_e_scaled_muladder_14/roundRawFNToRecFN/roundAnyRawFNToRecFN/_0799_/Y (A2O1A1Ixp33_ASAP7_75t_R)
  31.64 4477.23 ^ spad/acc_scale_unit/activated_data_e_scaled_muladder_14/roundRawFNToRecFN/roundAnyRawFNToRecFN/_0800_/Y (OAI221xp5_ASAP7_75t_R)
  58.35 4535.58 v spad/acc_scale_unit/activated_data_e_scaled_muladder_14/roundRawFNToRecFN/roundAnyRawFNToRecFN/_0818_/Y (A2O1A1O1Ixp25_ASAP7_75t_R)
  58.71 4594.29 ^ spad/acc_scale_unit/activated_data_e_scaled_muladder_14/roundRawFNToRecFN/roundAnyRawFNToRecFN/_0840_/Y (OAI21xp5_ASAP7_75t_R)
  43.41 4637.70 v spad/acc_scale_unit/activated_data_e_scaled_muladder_14/roundRawFNToRecFN/roundAnyRawFNToRecFN/_1105_/Y (OAI211xp5_ASAP7_75t_R)
  41.28 4678.98 v load_slew634/Y (BUFx3_ASAP7_75t_R)
  26.00 4704.98 v wire630/Y (BUFx3_ASAP7_75t_R)
  26.63 4731.61 v wire629/Y (BUFx3_ASAP7_75t_R)
  29.02 4760.63 v wire628/Y (BUFx3_ASAP7_75t_R)
  31.43 4792.06 v wire627/Y (BUFx3_ASAP7_75t_R)
  15.06 4807.12 ^ spad/acc_scale_unit/activated_data_e_scaled_rec_fn_to_in_14/_0613_/Y (CKINVDCx14_ASAP7_75t_R)
  23.98 4831.10 v spad/acc_scale_unit/activated_data_e_scaled_rec_fn_to_in_14/_0734_/Y (NOR2x2_ASAP7_75t_R)
  36.32 4867.42 ^ spad/acc_scale_unit/activated_data_e_scaled_rec_fn_to_in_14/_0882_/Y (NAND2x2_ASAP7_75t_R)
  22.33 4889.75 v spad/acc_scale_unit/activated_data_e_scaled_rec_fn_to_in_14/_0951_/Y (AOI21xp5_ASAP7_75t_R)
  35.48 4925.23 v spad/acc_scale_unit/activated_data_e_scaled_rec_fn_to_in_14/_0953_/Y (AO211x2_ASAP7_75t_R)
  15.21 4940.44 ^ spad/acc_scale_unit/activated_data_e_scaled_rec_fn_to_in_14/_1038_/Y (AOI221x1_ASAP7_75t_R)
  16.21 4956.65 v spad/acc_scale_unit/activated_data_e_scaled_rec_fn_to_in_14/_1041_/Y (AOI22xp33_ASAP7_75t_R)
 100.66 5057.31 ^ spad/acc_scale_unit/activated_data_e_scaled_rec_fn_to_in_14/_1049_/Y (NOR5xp2_ASAP7_75t_R)
  31.93 5089.24 v spad/acc_scale_unit/activated_data_e_scaled_rec_fn_to_in_14/_1099_/Y (NAND2x2_ASAP7_75t_R)
  48.75 5137.99 v spad/acc_scale_unit/activated_data_e_scaled_rec_fn_to_in_14/_1113_/Y (OR5x1_ASAP7_75t_R)
  37.64 5175.63 v spad/acc_scale_unit/activated_data_e_scaled_rec_fn_to_in_14/_1114_/Y (OA211x2_ASAP7_75t_R)
  43.13 5218.76 ^ spad/acc_scale_unit/activated_data_e_scaled_rec_fn_to_in_14/_1117_/Y (OAI311xp33_ASAP7_75t_R)
  12.15 5230.92 v spad/acc_scale_unit/_3770_/Y (INVx4_ASAP7_75t_R)
  25.49 5256.41 ^ spad/acc_scale_unit/_3772_/Y (NOR4xp25_ASAP7_75t_R)
  26.49 5282.90 v spad/acc_scale_unit/_3773_/Y (NAND5xp2_ASAP7_75t_R)
  41.02 5323.93 ^ spad/acc_scale_unit/_3781_/Y (NOR5xp2_ASAP7_75t_R)
  29.27 5353.19 ^ wire373/Y (BUFx3_ASAP7_75t_R)
  13.89 5367.08 v spad/acc_scale_unit/_3782_/Y (NOR2x2_ASAP7_75t_R)
  20.68 5387.76 ^ spad/acc_scale_unit/_3798_/Y (A2O1A1Ixp33_ASAP7_75t_R)
  25.15 5412.91 ^ wire190/Y (BUFx5_ASAP7_75t_R)
  18.22 5431.13 ^ wire189/Y (BUFx10_ASAP7_75t_R)
  11.69 5442.82 v spad/acc_scale_unit/pipe_out_p/_33866_/Y (NOR3xp33_ASAP7_75t_R)
  24.96 5467.78 v wire27/Y (BUFx10_ASAP7_75t_R)
  24.09 5491.87 v wire26/Y (BUFx24_ASAP7_75t_R)
  16.94 5508.81 v wire25/Y (BUFx4f_ASAP7_75t_R)
  17.53 5526.34 v wire409/Y (BUFx4f_ASAP7_75t_R)
  23.96 5550.31 v wire24/Y (BUFx24_ASAP7_75t_R)
  15.72 5566.03 ^ spad/acc_scale_unit/pipe_out_p/_33867_/Y (AOI21xp33_ASAP7_75t_R)
   0.00 5566.03 ^ spad/acc_scale_unit/pipe_out_p/stages_0_resp_data_14_0[6]$_DFFE_PP_/D (DFFHQNx2_ASAP7_75t_R)
        5566.03   data arrival time

   2.00    2.00   clock clock (rise edge)
 488.85  490.85   clock network delay (propagated)
  -0.10  490.75   clock uncertainty
   0.29  491.04   clock reconvergence pessimism
         491.04 ^ spad/acc_scale_unit/pipe_out_p/stages_0_resp_data_14_0[6]$_DFFE_PP_/CLK (DFFHQNx2_ASAP7_75t_R)
 -13.15  477.88   library setup time
         477.88   data required time
---------------------------------------------------------
         477.88   data required time
        -5566.03   data arrival time
---------------------------------------------------------
        -5088.15   slack (VIOLATED)


